{"case_seconds": 0.5443659169832245, "geometry": "development", "kappa": 1, "n": 17, "reference_only": false}
{"case_seconds": 8.28773945797002, "geometry": "development", "kappa": 1, "n": 33, "reference_only": false}
{"case_seconds": 0.2702957500005141, "geometry": "development", "kappa": 10, "n": 17, "reference_only": false}
{"case_seconds": 8.12381895800354, "geometry": "development", "kappa": 10, "n": 33, "reference_only": false}
{"case_seconds": 0.2755779579747468, "geometry": "development", "kappa": 100, "n": 17, "reference_only": false}
{"case_seconds": 6.663755041954573, "geometry": "development", "kappa": 100, "n": 33, "reference_only": false}
{"case_seconds": 0.3501540420111269, "geometry": "compact", "kappa": 1, "n": 17, "reference_only": false}
{"case_seconds": 8.455732374975923, "geometry": "compact", "kappa": 1, "n": 33, "reference_only": false}
{"case_seconds": 0.32689383398974314, "geometry": "compact", "kappa": 10, "n": 17, "reference_only": false}
{"case_seconds": 8.179334375017788, "geometry": "compact", "kappa": 10, "n": 33, "reference_only": false}
{"case_seconds": 0.26664554100716487, "geometry": "compact", "kappa": 100, "n": 17, "reference_only": false}
{"case_seconds": 6.577442791021895, "geometry": "compact", "kappa": 100, "n": 33, "reference_only": false}
{"case_seconds": 0.34260141698177904, "geometry": "elongated", "kappa": 1, "n": 17, "reference_only": false}
{"case_seconds": 8.728834207984619, "geometry": "elongated", "kappa": 1, "n": 33, "reference_only": false}
{"case_seconds": 0.3336388749885373, "geometry": "elongated", "kappa": 10, "n": 17, "reference_only": false}
{"case_seconds": 8.105437624966726, "geometry": "elongated", "kappa": 10, "n": 33, "reference_only": false}
{"case_seconds": 0.2748555410071276, "geometry": "elongated", "kappa": 100, "n": 17, "reference_only": false}
{"case_seconds": 6.615859749959782, "geometry": "elongated", "kappa": 100, "n": 33, "reference_only": false}
{"case_seconds": 12.080550790997222, "geometry": "development", "kappa": 1, "n": 41, "reference_only": true}
{"case_seconds": 11.369402208016254, "geometry": "development", "kappa": 10, "n": 41, "reference_only": true}
{"case_seconds": 11.46258112497162, "geometry": "development", "kappa": 100, "n": 41, "reference_only": true}
{"case_seconds": 12.351119958038907, "geometry": "compact", "kappa": 1, "n": 41, "reference_only": true}
{"case_seconds": 11.85727312497329, "geometry": "compact", "kappa": 10, "n": 41, "reference_only": true}
{"case_seconds": 11.41313054098282, "geometry": "compact", "kappa": 100, "n": 41, "reference_only": true}
{"case_seconds": 12.083667166996747, "geometry": "elongated", "kappa": 1, "n": 41, "reference_only": true}
{"case_seconds": 11.587936041993089, "geometry": "elongated", "kappa": 10, "n": 41, "reference_only": true}
{"case_seconds": 11.273252499988303, "geometry": "elongated", "kappa": 100, "n": 41, "reference_only": true}
{"status": "COMPLETE", "returncode": 0, "limit_reason": null, "wall_seconds": 179.09507979097543, "sampled_peak_aggregate_bytes": 799391744, "sampling_seconds": 0.25, "limits": {"max_total_wall_seconds": 1800, "max_aggregate_bytes": 4000000000, "workers": 1, "BLAS_threads": 1, "paid_compute": false}}
