{"case_seconds": 0.5638405419886112, "geometry": "development", "kappa": 1, "n": 17, "reference_only": false}
{"case_seconds": 8.483775417029392, "geometry": "development", "kappa": 1, "n": 33, "reference_only": false}
{"case_seconds": 0.2875630829948932, "geometry": "development", "kappa": 10, "n": 17, "reference_only": false}
{"case_seconds": 8.140163292002399, "geometry": "development", "kappa": 10, "n": 33, "reference_only": false}
{"case_seconds": 0.26896250003483146, "geometry": "development", "kappa": 100, "n": 17, "reference_only": false}
{"case_seconds": 6.516297874972224, "geometry": "development", "kappa": 100, "n": 33, "reference_only": false}
{"case_seconds": 0.34727579198079184, "geometry": "compact", "kappa": 1, "n": 17, "reference_only": false}
{"case_seconds": 8.247815540991724, "geometry": "compact", "kappa": 1, "n": 33, "reference_only": false}
{"case_seconds": 0.3402908749994822, "geometry": "compact", "kappa": 10, "n": 17, "reference_only": false}
{"case_seconds": 8.31933550001122, "geometry": "compact", "kappa": 10, "n": 33, "reference_only": false}
{"case_seconds": 0.2711024589953013, "geometry": "compact", "kappa": 100, "n": 17, "reference_only": false}
{"case_seconds": 6.702273458009586, "geometry": "compact", "kappa": 100, "n": 33, "reference_only": false}
{"case_seconds": 0.33577250002417713, "geometry": "elongated", "kappa": 1, "n": 17, "reference_only": false}
{"case_seconds": 8.315526916005183, "geometry": "elongated", "kappa": 1, "n": 33, "reference_only": false}
{"case_seconds": 0.32762633298989385, "geometry": "elongated", "kappa": 10, "n": 17, "reference_only": false}
{"case_seconds": 7.993495374976192, "geometry": "elongated", "kappa": 10, "n": 33, "reference_only": false}
{"case_seconds": 0.26610595895908773, "geometry": "elongated", "kappa": 100, "n": 17, "reference_only": false}
{"case_seconds": 6.758574208011851, "geometry": "elongated", "kappa": 100, "n": 33, "reference_only": false}
{"case_seconds": 12.332376958045643, "geometry": "development", "kappa": 1, "n": 41, "reference_only": true}
{"case_seconds": 11.625029917049687, "geometry": "development", "kappa": 10, "n": 41, "reference_only": true}
{"case_seconds": 11.31970795802772, "geometry": "development", "kappa": 100, "n": 41, "reference_only": true}
{"case_seconds": 11.943745083000977, "geometry": "compact", "kappa": 1, "n": 41, "reference_only": true}
{"case_seconds": 12.629454291018192, "geometry": "compact", "kappa": 10, "n": 41, "reference_only": true}
{"case_seconds": 11.554017624992412, "geometry": "compact", "kappa": 100, "n": 41, "reference_only": true}
{"case_seconds": 11.879201624949928, "geometry": "elongated", "kappa": 1, "n": 41, "reference_only": true}
{"case_seconds": 11.54584649996832, "geometry": "elongated", "kappa": 10, "n": 41, "reference_only": true}
{"case_seconds": 11.535306457953993, "geometry": "elongated", "kappa": 100, "n": 41, "reference_only": true}
{"status": "COMPLETE", "returncode": 0, "limit_reason": null, "wall_seconds": 179.7873565829941, "sampled_peak_aggregate_bytes": 808501248, "sampling_seconds": 0.25, "limits": {"max_total_wall_seconds": 1800, "max_aggregate_bytes": 4000000000, "workers": 1, "BLAS_threads": 1, "paid_compute": false}}
