{"case_seconds": 0.8180732269999993, "geometry": "development", "kappa": 1, "n": 17, "reference_only": false}
{"case_seconds": 14.821538767999996, "geometry": "development", "kappa": 1, "n": 33, "reference_only": false}
{"case_seconds": 0.5158429430000027, "geometry": "development", "kappa": 10, "n": 17, "reference_only": false}
{"case_seconds": 14.406085008000005, "geometry": "development", "kappa": 10, "n": 33, "reference_only": false}
{"case_seconds": 0.5048945509999925, "geometry": "development", "kappa": 100, "n": 17, "reference_only": false}
{"case_seconds": 12.990085959000012, "geometry": "development", "kappa": 100, "n": 33, "reference_only": false}
{"case_seconds": 0.6078762409999996, "geometry": "compact", "kappa": 1, "n": 17, "reference_only": false}
{"case_seconds": 14.927346935000003, "geometry": "compact", "kappa": 1, "n": 33, "reference_only": false}
{"case_seconds": 0.5750512190000023, "geometry": "compact", "kappa": 10, "n": 17, "reference_only": false}
{"case_seconds": 14.406767587000004, "geometry": "compact", "kappa": 10, "n": 33, "reference_only": false}
{"case_seconds": 0.5117353030000089, "geometry": "compact", "kappa": 100, "n": 17, "reference_only": false}
{"case_seconds": 12.958281299000006, "geometry": "compact", "kappa": 100, "n": 33, "reference_only": false}
{"case_seconds": 0.6011710150000056, "geometry": "elongated", "kappa": 1, "n": 17, "reference_only": false}
{"case_seconds": 14.42339487800001, "geometry": "elongated", "kappa": 1, "n": 33, "reference_only": false}
{"case_seconds": 0.5809091630000012, "geometry": "elongated", "kappa": 10, "n": 17, "reference_only": false}
{"case_seconds": 14.315824544000009, "geometry": "elongated", "kappa": 10, "n": 33, "reference_only": false}
{"case_seconds": 0.5116451230000223, "geometry": "elongated", "kappa": 100, "n": 17, "reference_only": false}
{"case_seconds": 12.827344012999987, "geometry": "elongated", "kappa": 100, "n": 33, "reference_only": false}
{"case_seconds": 24.673317932999993, "geometry": "development", "kappa": 1, "n": 41, "reference_only": true}
{"case_seconds": 23.606130096000015, "geometry": "development", "kappa": 10, "n": 41, "reference_only": true}
{"case_seconds": 23.678947182, "geometry": "development", "kappa": 100, "n": 41, "reference_only": true}
{"case_seconds": 25.132384846000008, "geometry": "compact", "kappa": 1, "n": 41, "reference_only": true}
{"case_seconds": 24.17504347900001, "geometry": "compact", "kappa": 10, "n": 41, "reference_only": true}
{"case_seconds": 23.52743399100001, "geometry": "compact", "kappa": 100, "n": 41, "reference_only": true}
{"case_seconds": 24.133872412000017, "geometry": "elongated", "kappa": 1, "n": 41, "reference_only": true}
{"case_seconds": 23.644624452000016, "geometry": "elongated", "kappa": 10, "n": 41, "reference_only": true}
{"case_seconds": 23.474351112000022, "geometry": "elongated", "kappa": 100, "n": 41, "reference_only": true}
{"status": "COMPLETE", "returncode": 0, "limit_reason": null, "wall_seconds": 348.15029724, "sampled_peak_aggregate_bytes": 542924800, "sampling_seconds": 0.25, "limits": {"max_total_wall_seconds": 1800, "max_aggregate_bytes": 4000000000, "workers": 1, "BLAS_threads": 1, "paid_compute": false}}
